/home/seleniumcucumbertestframework/src/test/java/apprunnner/AccountDetailsRunner.java
/home/seleniumcucumbertestframework/src/test/java/apprunnner/CampaignRunner.java
/home/seleniumcucumbertestframework/src/test/java/apprunnner/LoginRunner.java
/home/seleniumcucumbertestframework/src/test/java/apprunnner/LoginWithDataRunner.java
/home/seleniumcucumbertestframework/src/test/java/apprunnner/OrderRunner.java
/home/seleniumcucumbertestframework/src/test/java/apprunnner/ProductRunner.java
/home/seleniumcucumbertestframework/src/test/java/apprunnner/ProfileRunner.java
/home/seleniumcucumbertestframework/src/test/java/apprunnner/ScenarioOutlineRunner.java
/home/seleniumcucumbertestframework/src/test/java/hooks/AppHooks.java
/home/seleniumcucumbertestframework/src/test/java/steps/AccountDetailsSteps.java
/home/seleniumcucumbertestframework/src/test/java/steps/CampaignSteps.java
/home/seleniumcucumbertestframework/src/test/java/steps/LoginSteps.java
/home/seleniumcucumbertestframework/src/test/java/steps/LoginWithDataSteps.java
/home/seleniumcucumbertestframework/src/test/java/steps/OrderConfirmationSteps.java
/home/seleniumcucumbertestframework/src/test/java/steps/OrderSteps.java
/home/seleniumcucumbertestframework/src/test/java/steps/PlaceOrder.java
/home/seleniumcucumbertestframework/src/test/java/steps/ProfileSteps.java
/home/seleniumcucumbertestframework/src/test/java/steps/ScenarioOutlineSteps.java
/home/seleniumcucumbertestframework/src/test/java/steps/Test.java
/home/seleniumcucumbertestframework/src/test/java/steps/Test1.java
/home/seleniumcucumbertestframework/src/test/java/steps/Test2.java
/home/seleniumcucumbertestframework/src/test/java/uiappfeature/AmazonFailedTestRunner.java
/home/seleniumcucumbertestframework/src/test/java/uiappfeature/AmazonTestRunner.java
/home/seleniumcucumbertestframework/src/test/java/uiappfeature/AppHooks.java
/home/seleniumcucumbertestframework/src/test/java/uiappfeature/HomePageSteps.java
/home/seleniumcucumbertestframework/src/test/java/uiappfeature/SearchProductSteps.java
/home/seleniumcucumbertestframework/src/test/java/uiappfeature/Test.java
/home/seleniumcucumbertestframework/src/test/java/utility/PropertyReader.java
